
> frontend@0.0.0 test
> vitest run


 RUN  v3.2.4 /Users/tomoki_ishimine/Workspace/fullstack-app-with-claude/frontend

stdout | src/components/admin/InitialPasswordModal.test.tsx > InitialPasswordModal > Copy Functionality > should copy password to clipboard when copy button is clicked
[2025-11-22T03:32:33.186Z] INFO: Initial password copied to clipboard

stdout | src/contexts/AuthContext.test.tsx > AuthContext > Initial Load > attempts to refresh token on mount
[2025-11-22T03:32:33.187Z] DEBUG: Authentication restored from cookie {"userId":1,"email":"test@example.com"}

stdout | src/contexts/AuthContext.test.tsx > AuthContext > Initial Load > sets user when refresh token succeeds
[2025-11-22T03:32:33.192Z] DEBUG: Authentication restored from cookie {"userId":1,"email":"test@example.com"}

stdout | src/components/admin/InitialPasswordModal.test.tsx > InitialPasswordModal > Copy Functionality > should change button text to "コピーしました" after copying
[2025-11-22T03:32:33.193Z] INFO: Initial password copied to clipboard

stdout | src/components/admin/InitialPasswordModal.test.tsx > InitialPasswordModal > Copy Functionality > should disable copy button after copying
[2025-11-22T03:32:33.201Z] INFO: Initial password copied to clipboard

stdout | src/components/admin/InitialPasswordModal.test.tsx > InitialPasswordModal > Copy Functionality > should reset button text after 2 seconds
[2025-11-22T03:32:33.209Z] INFO: Initial password copied to clipboard

stdout | src/contexts/AuthContext.test.tsx > AuthContext > Initial Load > stays unauthenticated when refresh token fails
[2025-11-22T03:32:33.244Z] DEBUG: Not authenticated on mount {"error":{}}

stdout | src/components/ProtectedRoute.test.tsx > ProtectedRoute > Authenticated State > renders children when authenticated
[2025-11-22T03:32:33.284Z] DEBUG: Authentication restored from cookie {"userId":1,"email":"test@example.com"}

stdout | src/components/ProtectedRoute.test.tsx > ProtectedRoute > Authenticated State > does not show loading spinner when authenticated
[2025-11-22T03:32:33.292Z] DEBUG: Authentication restored from cookie {"userId":1,"email":"test@example.com"}

stdout | src/contexts/AuthContext.test.tsx > AuthContext > Initial Load > sets isLoading to true initially
[2025-11-22T03:32:33.298Z] DEBUG: Authentication restored from cookie {"userId":1,"email":"test@example.com"}

stdout | src/components/ProtectedRoute.test.tsx > ProtectedRoute > Authenticated State > does not redirect when authenticated
[2025-11-22T03:32:33.298Z] DEBUG: Authentication restored from cookie {"userId":1,"email":"test@example.com"}

stdout | src/contexts/AuthContext.test.tsx > AuthContext > Initial Load > sets isLoading to false after refresh attempt
[2025-11-22T03:32:33.299Z] DEBUG: Authentication restored from cookie {"userId":1,"email":"test@example.com"}

stdout | src/components/ProtectedRoute.test.tsx > ProtectedRoute > Authenticated State > renders multiple children when authenticated
[2025-11-22T03:32:33.304Z] DEBUG: Authentication restored from cookie {"userId":1,"email":"test@example.com"}

stdout | src/components/ProtectedRoute.test.tsx > ProtectedRoute > Unauthenticated State > redirects to login when not authenticated
[2025-11-22T03:32:33.310Z] DEBUG: Not authenticated on mount {"error":{}}

stdout | src/components/ProtectedRoute.test.tsx > ProtectedRoute > Unauthenticated State > does not render children when not authenticated
[2025-11-22T03:32:33.316Z] DEBUG: Not authenticated on mount {"error":{}}

stdout | src/components/ProtectedRoute.test.tsx > ProtectedRoute > Unauthenticated State > does not show loading spinner after redirect
[2025-11-22T03:32:33.317Z] DEBUG: Not authenticated on mount {"error":{}}

stdout | src/components/ProtectedRoute.test.tsx > ProtectedRoute > State Transitions > transitions from loading to authenticated
[2025-11-22T03:32:33.325Z] DEBUG: Authentication restored from cookie {"userId":1,"email":"test@example.com"}

stdout | src/components/ProtectedRoute.test.tsx > ProtectedRoute > State Transitions > transitions from loading to unauthenticated
[2025-11-22T03:32:33.332Z] DEBUG: Not authenticated on mount {"error":{}}

stdout | src/components/ProtectedRoute.test.tsx > ProtectedRoute > Navigation Behavior > redirects to /login path
[2025-11-22T03:32:33.336Z] DEBUG: Not authenticated on mount {"error":{}}

stdout | src/components/ProtectedRoute.test.tsx > ProtectedRoute > Navigation Behavior > uses replace navigation to prevent back button issues
[2025-11-22T03:32:33.344Z] DEBUG: Not authenticated on mount {"error":{}}

stdout | src/components/ProtectedRoute.test.tsx > ProtectedRoute > Navigation Behavior > works with different initial paths
[2025-11-22T03:32:33.350Z] DEBUG: Authentication restored from cookie {"userId":1,"email":"test@example.com"}

stdout | src/contexts/AuthContext.test.tsx > AuthContext > Login > logs in successfully with valid credentials
[2025-11-22T03:32:33.354Z] DEBUG: Not authenticated on mount {"error":{}}

stdout | src/components/ProtectedRoute.test.tsx > ProtectedRoute > Integration with AuthContext > uses isLoading from AuthContext
[2025-11-22T03:32:33.358Z] DEBUG: Authentication restored from cookie {"userId":1,"email":"test@example.com"}

stdout | src/components/ProtectedRoute.test.tsx > ProtectedRoute > Integration with AuthContext > uses isAuthenticated from AuthContext
[2025-11-22T03:32:33.367Z] DEBUG: Authentication restored from cookie {"userId":1,"email":"test@example.com"}

stdout | src/components/ProtectedRoute.test.tsx > ProtectedRoute > Integration with AuthContext > respects AuthContext authentication state changes
[2025-11-22T03:32:33.376Z] DEBUG: Authentication restored from cookie {"userId":1,"email":"test@example.com"}

stdout | src/components/ProtectedRoute.test.tsx > ProtectedRoute > Edge Cases > handles empty children
[2025-11-22T03:32:33.382Z] DEBUG: Authentication restored from cookie {"userId":1,"email":"test@example.com"}

stdout | src/components/ProtectedRoute.test.tsx > ProtectedRoute > Edge Cases > handles complex nested children
[2025-11-22T03:32:33.387Z] DEBUG: Authentication restored from cookie {"userId":1,"email":"test@example.com"}

stdout | src/components/ProtectedRoute.test.tsx > ProtectedRoute > Multiple ProtectedRoutes > handles multiple protected routes independently
[2025-11-22T03:32:33.398Z] DEBUG: Authentication restored from cookie {"userId":1,"email":"test@example.com"}

 ✓ src/components/ErrorBoundary.test.tsx (24 tests) 136ms
stdout | src/contexts/AuthContext.test.tsx > AuthContext > Login > logs in successfully with valid credentials
[2025-11-22T03:32:33.410Z] INFO: User logged in {"userId":1,"email":"test@example.com","role":"user"}

 ✓ src/components/ProtectedRoute.test.tsx (22 tests) 154ms
stdout | src/contexts/AuthContext.test.tsx > AuthContext > Login > throws error when login fails
[2025-11-22T03:32:33.466Z] DEBUG: Not authenticated on mount {"error":{}}

stderr | src/contexts/AuthContext.test.tsx > AuthContext > Login > throws error when login fails
[2025-11-22T03:32:33.518Z] ERROR: Login failed Error: Invalid credentials
    at [90m/Users/tomoki_ishimine/Workspace/fullstack-app-with-claude/frontend/[39msrc/contexts/AuthContext.test.tsx:102:52
    at [90mfile:///Users/tomoki_ishimine/Workspace/fullstack-app-with-claude/frontend/[39mnode_modules/[4m.pnpm[24m/@vitest+runner@3.2.4/node_modules/[4m@vitest/runner[24m/dist/chunk-hooks.js:155:11
    at [90mfile:///Users/tomoki_ishimine/Workspace/fullstack-app-with-claude/frontend/[39mnode_modules/[4m.pnpm[24m/@vitest+runner@3.2.4/node_modules/[4m@vitest/runner[24m/dist/chunk-hooks.js:752:26
    at [90mfile:///Users/tomoki_ishimine/Workspace/fullstack-app-with-claude/frontend/[39mnode_modules/[4m.pnpm[24m/@vitest+runner@3.2.4/node_modules/[4m@vitest/runner[24m/dist/chunk-hooks.js:1897:20
    at new Promise (<anonymous>)
    at runWithTimeout [90m(file:///Users/tomoki_ishimine/Workspace/fullstack-app-with-claude/frontend/[39mnode_modules/[4m.pnpm[24m/@vitest+runner@3.2.4/node_modules/[4m@vitest/runner[24m/dist/chunk-hooks.js:1863:10[90m)[39m
    at runTest [90m(file:///Users/tomoki_ishimine/Workspace/fullstack-app-with-claude/frontend/[39mnode_modules/[4m.pnpm[24m/@vitest+runner@3.2.4/node_modules/[4m@vitest/runner[24m/dist/chunk-hooks.js:1574:12[90m)[39m
    at runSuite [90m(file:///Users/tomoki_ishimine/Workspace/fullstack-app-with-claude/frontend/[39mnode_modules/[4m.pnpm[24m/@vitest+runner@3.2.4/node_modules/[4m@vitest/runner[24m/dist/chunk-hooks.js:1729:8[90m)[39m
    at runSuite [90m(file:///Users/tomoki_ishimine/Workspace/fullstack-app-with-claude/frontend/[39mnode_modules/[4m.pnpm[24m/@vitest+runner@3.2.4/node_modules/[4m@vitest/runner[24m/dist/chunk-hooks.js:1729:8[90m)[39m
    at runSuite [90m(file:///Users/tomoki_ishimine/Workspace/fullstack-app-with-claude/frontend/[39mnode_modules/[4m.pnpm[24m/@vitest+runner@3.2.4/node_modules/[4m@vitest/runner[24m/dist/chunk-hooks.js:1729:8[90m)[39m

stdout | src/contexts/AuthContext.test.tsx > AuthContext > Login > updates user state after successful login
[2025-11-22T03:32:33.525Z] DEBUG: Not authenticated on mount {"error":{}}

stdout | src/contexts/AuthContext.test.tsx > AuthContext > Login > updates user state after successful login
[2025-11-22T03:32:33.579Z] INFO: User logged in {"userId":1,"email":"test@example.com","role":"user"}

stdout | src/contexts/AuthContext.test.tsx > AuthContext > Logout > logs out successfully
[2025-11-22T03:32:33.633Z] DEBUG: Authentication restored from cookie {"userId":1,"email":"test@example.com"}

stdout | src/contexts/AuthContext.test.tsx > AuthContext > Logout > logs out successfully
[2025-11-22T03:32:33.685Z] INFO: User logged out

stdout | src/contexts/AuthContext.test.tsx > AuthContext > Logout > clears user state even when logout API call fails
[2025-11-22T03:32:33.739Z] DEBUG: Authentication restored from cookie {"userId":1,"email":"test@example.com"}

stderr | src/contexts/AuthContext.test.tsx > AuthContext > Logout > clears user state even when logout API call fails
[2025-11-22T03:32:33.791Z] ERROR: Logout failed Error: Logout failed
    at [90m/Users/tomoki_ishimine/Workspace/fullstack-app-with-claude/frontend/[39msrc/contexts/AuthContext.test.tsx:156:53
    at [90mfile:///Users/tomoki_ishimine/Workspace/fullstack-app-with-claude/frontend/[39mnode_modules/[4m.pnpm[24m/@vitest+runner@3.2.4/node_modules/[4m@vitest/runner[24m/dist/chunk-hooks.js:155:11
    at [90mfile:///Users/tomoki_ishimine/Workspace/fullstack-app-with-claude/frontend/[39mnode_modules/[4m.pnpm[24m/@vitest+runner@3.2.4/node_modules/[4m@vitest/runner[24m/dist/chunk-hooks.js:752:26
    at [90mfile:///Users/tomoki_ishimine/Workspace/fullstack-app-with-claude/frontend/[39mnode_modules/[4m.pnpm[24m/@vitest+runner@3.2.4/node_modules/[4m@vitest/runner[24m/dist/chunk-hooks.js:1897:20
    at new Promise (<anonymous>)
    at runWithTimeout [90m(file:///Users/tomoki_ishimine/Workspace/fullstack-app-with-claude/frontend/[39mnode_modules/[4m.pnpm[24m/@vitest+runner@3.2.4/node_modules/[4m@vitest/runner[24m/dist/chunk-hooks.js:1863:10[90m)[39m
    at runTest [90m(file:///Users/tomoki_ishimine/Workspace/fullstack-app-with-claude/frontend/[39mnode_modules/[4m.pnpm[24m/@vitest+runner@3.2.4/node_modules/[4m@vitest/runner[24m/dist/chunk-hooks.js:1574:12[90m)[39m
    at runSuite [90m(file:///Users/tomoki_ishimine/Workspace/fullstack-app-with-claude/frontend/[39mnode_modules/[4m.pnpm[24m/@vitest+runner@3.2.4/node_modules/[4m@vitest/runner[24m/dist/chunk-hooks.js:1729:8[90m)[39m
    at runSuite [90m(file:///Users/tomoki_ishimine/Workspace/fullstack-app-with-claude/frontend/[39mnode_modules/[4m.pnpm[24m/@vitest+runner@3.2.4/node_modules/[4m@vitest/runner[24m/dist/chunk-hooks.js:1729:8[90m)[39m
    at runSuite [90m(file:///Users/tomoki_ishimine/Workspace/fullstack-app-with-claude/frontend/[39mnode_modules/[4m.pnpm[24m/@vitest+runner@3.2.4/node_modules/[4m@vitest/runner[24m/dist/chunk-hooks.js:1729:8[90m)[39m

stdout | src/contexts/AuthContext.test.tsx > AuthContext > Logout > throws error but still clears user state
[2025-11-22T03:32:33.844Z] DEBUG: Authentication restored from cookie {"userId":1,"email":"test@example.com"}

 ✓ src/lib/utils/dateFormat.test.ts (10 tests) 17ms
stderr | src/contexts/AuthContext.test.tsx > AuthContext > Logout > throws error but still clears user state
[2025-11-22T03:32:33.896Z] ERROR: Logout failed Error: Server error
    at [90m/Users/tomoki_ishimine/Workspace/fullstack-app-with-claude/frontend/[39msrc/contexts/AuthContext.test.tsx:173:53
    at [90mfile:///Users/tomoki_ishimine/Workspace/fullstack-app-with-claude/frontend/[39mnode_modules/[4m.pnpm[24m/@vitest+runner@3.2.4/node_modules/[4m@vitest/runner[24m/dist/chunk-hooks.js:155:11
    at [90mfile:///Users/tomoki_ishimine/Workspace/fullstack-app-with-claude/frontend/[39mnode_modules/[4m.pnpm[24m/@vitest+runner@3.2.4/node_modules/[4m@vitest/runner[24m/dist/chunk-hooks.js:752:26
    at [90mfile:///Users/tomoki_ishimine/Workspace/fullstack-app-with-claude/frontend/[39mnode_modules/[4m.pnpm[24m/@vitest+runner@3.2.4/node_modules/[4m@vitest/runner[24m/dist/chunk-hooks.js:1897:20
    at new Promise (<anonymous>)
    at runWithTimeout [90m(file:///Users/tomoki_ishimine/Workspace/fullstack-app-with-claude/frontend/[39mnode_modules/[4m.pnpm[24m/@vitest+runner@3.2.4/node_modules/[4m@vitest/runner[24m/dist/chunk-hooks.js:1863:10[90m)[39m
    at runTest [90m(file:///Users/tomoki_ishimine/Workspace/fullstack-app-with-claude/frontend/[39mnode_modules/[4m.pnpm[24m/@vitest+runner@3.2.4/node_modules/[4m@vitest/runner[24m/dist/chunk-hooks.js:1574:12[90m)[39m
    at runSuite [90m(file:///Users/tomoki_ishimine/Workspace/fullstack-app-with-claude/frontend/[39mnode_modules/[4m.pnpm[24m/@vitest+runner@3.2.4/node_modules/[4m@vitest/runner[24m/dist/chunk-hooks.js:1729:8[90m)[39m
    at runSuite [90m(file:///Users/tomoki_ishimine/Workspace/fullstack-app-with-claude/frontend/[39mnode_modules/[4m.pnpm[24m/@vitest+runner@3.2.4/node_modules/[4m@vitest/runner[24m/dist/chunk-hooks.js:1729:8[90m)[39m
    at runSuite [90m(file:///Users/tomoki_ishimine/Workspace/fullstack-app-with-claude/frontend/[39mnode_modules/[4m.pnpm[24m/@vitest+runner@3.2.4/node_modules/[4m@vitest/runner[24m/dist/chunk-hooks.js:1729:8[90m)[39m

 ✓ src/components/RoleBasedRedirect.test.tsx (15 tests) 29ms
stdout | src/contexts/AuthContext.test.tsx > AuthContext > isAuthenticated > returns true when user is set
[2025-11-22T03:32:33.950Z] DEBUG: Authentication restored from cookie {"userId":1,"email":"test@example.com"}

 ✓ src/components/PageHeader.test.tsx (15 tests) 53ms
stdout | src/contexts/AuthContext.test.tsx > AuthContext > isAuthenticated > returns false when user is null
[2025-11-22T03:32:34.003Z] DEBUG: Not authenticated on mount {"error":{}}

stdout | src/contexts/AuthContext.test.tsx > AuthContext > useAuth hook > provides all required properties
[2025-11-22T03:32:34.008Z] DEBUG: Authentication restored from cookie {"userId":1,"email":"test@example.com"}

stdout | src/contexts/AuthContext.test.tsx > AuthContext > useAuth hook > login is a function
[2025-11-22T03:32:34.061Z] DEBUG: Authentication restored from cookie {"userId":1,"email":"test@example.com"}

stdout | src/contexts/AuthContext.test.tsx > AuthContext > useAuth hook > logout is a function
[2025-11-22T03:32:34.114Z] DEBUG: Authentication restored from cookie {"userId":1,"email":"test@example.com"}

stdout | src/contexts/AuthContext.test.tsx > AuthContext > AuthProvider component > renders children
[2025-11-22T03:32:34.168Z] DEBUG: Not authenticated on mount {"error":{}}

stdout | src/contexts/AuthContext.test.tsx > AuthContext > AuthProvider component > provides context value to children
[2025-11-22T03:32:34.169Z] DEBUG: Authentication restored from cookie {"userId":1,"email":"test@example.com"}

stdout | src/contexts/AuthContext.test.tsx > AuthContext > Integration scenarios > handles complete authentication lifecycle and session management
[2025-11-22T03:32:34.170Z] DEBUG: Authentication restored from cookie {"userId":1,"email":"test@example.com"}

stdout | src/contexts/AuthContext.test.tsx > AuthContext > Integration scenarios > handles complete authentication lifecycle and session management
[2025-11-22T03:32:34.223Z] DEBUG: Not authenticated on mount {"error":{}}

stdout | src/contexts/AuthContext.test.tsx > AuthContext > Integration scenarios > handles complete authentication lifecycle and session management
[2025-11-22T03:32:34.275Z] DEBUG: Not authenticated on mount {"error":{}}

stdout | src/contexts/AuthContext.test.tsx > AuthContext > Integration scenarios > handles complete authentication lifecycle and session management
[2025-11-22T03:32:34.328Z] INFO: User logged in {"userId":1,"email":"test@example.com","role":"user"}

stdout | src/contexts/AuthContext.test.tsx > AuthContext > Integration scenarios > handles complete authentication lifecycle and session management
[2025-11-22T03:32:34.381Z] INFO: User logged out

 ✓ src/contexts/AuthContext.test.tsx (20 tests) 1259ms
stderr | src/components/admin/InitialPasswordModal.test.tsx > InitialPasswordModal > Copy Functionality > should handle clipboard error gracefully
[2025-11-22T03:32:35.317Z] ERROR: Failed to copy password Error: Clipboard error
    at [90m/Users/tomoki_ishimine/Workspace/fullstack-app-with-claude/frontend/[39msrc/components/admin/InitialPasswordModal.test.tsx:117:38
    at [90mfile:///Users/tomoki_ishimine/Workspace/fullstack-app-with-claude/frontend/[39mnode_modules/[4m.pnpm[24m/@vitest+runner@3.2.4/node_modules/[4m@vitest/runner[24m/dist/chunk-hooks.js:155:11
    at [90mfile:///Users/tomoki_ishimine/Workspace/fullstack-app-with-claude/frontend/[39mnode_modules/[4m.pnpm[24m/@vitest+runner@3.2.4/node_modules/[4m@vitest/runner[24m/dist/chunk-hooks.js:752:26
    at [90mfile:///Users/tomoki_ishimine/Workspace/fullstack-app-with-claude/frontend/[39mnode_modules/[4m.pnpm[24m/@vitest+runner@3.2.4/node_modules/[4m@vitest/runner[24m/dist/chunk-hooks.js:1897:20
    at new Promise (<anonymous>)
    at runWithTimeout [90m(file:///Users/tomoki_ishimine/Workspace/fullstack-app-with-claude/frontend/[39mnode_modules/[4m.pnpm[24m/@vitest+runner@3.2.4/node_modules/[4m@vitest/runner[24m/dist/chunk-hooks.js:1863:10[90m)[39m
    at runTest [90m(file:///Users/tomoki_ishimine/Workspace/fullstack-app-with-claude/frontend/[39mnode_modules/[4m.pnpm[24m/@vitest+runner@3.2.4/node_modules/[4m@vitest/runner[24m/dist/chunk-hooks.js:1574:12[90m)[39m
    at runSuite [90m(file:///Users/tomoki_ishimine/Workspace/fullstack-app-with-claude/frontend/[39mnode_modules/[4m.pnpm[24m/@vitest+runner@3.2.4/node_modules/[4m@vitest/runner[24m/dist/chunk-hooks.js:1729:8[90m)[39m
    at runSuite [90m(file:///Users/tomoki_ishimine/Workspace/fullstack-app-with-claude/frontend/[39mnode_modules/[4m.pnpm[24m/@vitest+runner@3.2.4/node_modules/[4m@vitest/runner[24m/dist/chunk-hooks.js:1729:8[90m)[39m
    at runSuite [90m(file:///Users/tomoki_ishimine/Workspace/fullstack-app-with-claude/frontend/[39mnode_modules/[4m.pnpm[24m/@vitest+runner@3.2.4/node_modules/[4m@vitest/runner[24m/dist/chunk-hooks.js:1729:8[90m)[39m

 ✓ src/components/admin/InitialPasswordModal.test.tsx (12 tests) 2176ms
   ✓ InitialPasswordModal > Copy Functionality > should reset button text after 2 seconds  2109ms

⎯⎯⎯⎯⎯⎯ Failed Suites 5 ⎯⎯⎯⎯⎯⎯⎯

 FAIL  src/components/admin/UserCreateForm.test.tsx [ src/components/admin/UserCreateForm.test.tsx ]
Error: Failed to resolve import "@/lib/api/todos" from "src/components/admin/UserCreateForm.tsx". Does the file exist?
  Plugin: vite:import-analysis
  File: /Users/tomoki_ishimine/Workspace/fullstack-app-with-claude/frontend/src/components/admin/UserCreateForm.tsx:5:25
  3  |  import { createUser } from "@/lib/api/users";
  4  |  import { logger } from "@/lib/logger";
  5  |  import { ApiError } from "@/lib/api/todos";
     |                            ^
  6  |  export function UserCreateForm({ onSuccess, onCancel }) {
  7  |    const [email, setEmail] = useState("");
 ❯ TransformPluginContext._formatLog node_modules/.pnpm/vite@7.1.12_@types+node@24.9.2_jiti@2.6.1/node_modules/vite/dist/node/chunks/config.js:31106:43
 ❯ TransformPluginContext.error node_modules/.pnpm/vite@7.1.12_@types+node@24.9.2_jiti@2.6.1/node_modules/vite/dist/node/chunks/config.js:31103:14
 ❯ normalizeUrl node_modules/.pnpm/vite@7.1.12_@types+node@24.9.2_jiti@2.6.1/node_modules/vite/dist/node/chunks/config.js:29590:18
 ❯ node_modules/.pnpm/vite@7.1.12_@types+node@24.9.2_jiti@2.6.1/node_modules/vite/dist/node/chunks/config.js:29648:32
 ❯ TransformPluginContext.transform node_modules/.pnpm/vite@7.1.12_@types+node@24.9.2_jiti@2.6.1/node_modules/vite/dist/node/chunks/config.js:29616:4
 ❯ EnvironmentPluginContainer.transform node_modules/.pnpm/vite@7.1.12_@types+node@24.9.2_jiti@2.6.1/node_modules/vite/dist/node/chunks/config.js:30905:14
 ❯ loadAndTransform node_modules/.pnpm/vite@7.1.12_@types+node@24.9.2_jiti@2.6.1/node_modules/vite/dist/node/chunks/config.js:26043:26

⎯⎯⎯⎯⎯⎯⎯⎯⎯⎯⎯⎯⎯⎯⎯⎯⎯⎯⎯⎯⎯⎯⎯⎯[1/5]⎯

 FAIL  src/components/admin/UserList.test.tsx [ src/components/admin/UserList.test.tsx ]
Error: Failed to resolve import "@/lib/api/todos" from "src/components/admin/UserList.test.tsx". Does the file exist?
  Plugin: vite:import-analysis
  File: /Users/tomoki_ishimine/Workspace/fullstack-app-with-claude/frontend/src/components/admin/UserList.test.tsx:6:25
  4  |  import { UserList } from "./UserList";
  5  |  import * as usersApi from "@/lib/api/users";
  6  |  import { ApiError } from "@/lib/api/todos";
     |                            ^
  7  |  describe("UserList", () => {
  8  |    const mockOnUsersChange = vi.fn();
 ❯ TransformPluginContext._formatLog node_modules/.pnpm/vite@7.1.12_@types+node@24.9.2_jiti@2.6.1/node_modules/vite/dist/node/chunks/config.js:31106:43
 ❯ TransformPluginContext.error node_modules/.pnpm/vite@7.1.12_@types+node@24.9.2_jiti@2.6.1/node_modules/vite/dist/node/chunks/config.js:31103:14
 ❯ normalizeUrl node_modules/.pnpm/vite@7.1.12_@types+node@24.9.2_jiti@2.6.1/node_modules/vite/dist/node/chunks/config.js:29590:18
 ❯ node_modules/.pnpm/vite@7.1.12_@types+node@24.9.2_jiti@2.6.1/node_modules/vite/dist/node/chunks/config.js:29648:32
 ❯ TransformPluginContext.transform node_modules/.pnpm/vite@7.1.12_@types+node@24.9.2_jiti@2.6.1/node_modules/vite/dist/node/chunks/config.js:29616:4
 ❯ EnvironmentPluginContainer.transform node_modules/.pnpm/vite@7.1.12_@types+node@24.9.2_jiti@2.6.1/node_modules/vite/dist/node/chunks/config.js:30905:14
 ❯ loadAndTransform node_modules/.pnpm/vite@7.1.12_@types+node@24.9.2_jiti@2.6.1/node_modules/vite/dist/node/chunks/config.js:26043:26

⎯⎯⎯⎯⎯⎯⎯⎯⎯⎯⎯⎯⎯⎯⎯⎯⎯⎯⎯⎯⎯⎯⎯⎯[2/5]⎯

 FAIL  src/lib/api/auth.test.ts [ src/lib/api/auth.test.ts ]
Error: Failed to resolve import "./todos" from "src/lib/api/auth.test.ts". Does the file exist?
  Plugin: vite:import-analysis
  File: /Users/tomoki_ishimine/Workspace/fullstack-app-with-claude/frontend/src/lib/api/auth.test.ts:3:25
  1  |  import { describe, it, expect, beforeEach, afterEach, vi } from "vitest";
  2  |  import { login, logout, refreshToken } from "./auth";
  3  |  import { ApiError } from "./todos";
     |                            ^
  4  |  import { createMockUser, createMockUserDto } from "@/test/helpers/mockData";
  5  |  import { createMockResponse, restoreFetch, createMockEmptyResponse } from "@/test/helpers/mockApi";
 ❯ TransformPluginContext._formatLog node_modules/.pnpm/vite@7.1.12_@types+node@24.9.2_jiti@2.6.1/node_modules/vite/dist/node/chunks/config.js:31106:43
 ❯ TransformPluginContext.error node_modules/.pnpm/vite@7.1.12_@types+node@24.9.2_jiti@2.6.1/node_modules/vite/dist/node/chunks/config.js:31103:14
 ❯ normalizeUrl node_modules/.pnpm/vite@7.1.12_@types+node@24.9.2_jiti@2.6.1/node_modules/vite/dist/node/chunks/config.js:29590:18
 ❯ node_modules/.pnpm/vite@7.1.12_@types+node@24.9.2_jiti@2.6.1/node_modules/vite/dist/node/chunks/config.js:29648:32
 ❯ TransformPluginContext.transform node_modules/.pnpm/vite@7.1.12_@types+node@24.9.2_jiti@2.6.1/node_modules/vite/dist/node/chunks/config.js:29616:4
 ❯ EnvironmentPluginContainer.transform node_modules/.pnpm/vite@7.1.12_@types+node@24.9.2_jiti@2.6.1/node_modules/vite/dist/node/chunks/config.js:30905:14
 ❯ loadAndTransform node_modules/.pnpm/vite@7.1.12_@types+node@24.9.2_jiti@2.6.1/node_modules/vite/dist/node/chunks/config.js:26043:26

⎯⎯⎯⎯⎯⎯⎯⎯⎯⎯⎯⎯⎯⎯⎯⎯⎯⎯⎯⎯⎯⎯⎯⎯[3/5]⎯

 FAIL  src/lib/api/users.test.ts [ src/lib/api/users.test.ts ]
Error: Failed to resolve import "./todos" from "src/lib/api/users.test.ts". Does the file exist?
  Plugin: vite:import-analysis
  File: /Users/tomoki_ishimine/Workspace/fullstack-app-with-claude/frontend/src/lib/api/users.test.ts:3:25
  1  |  import { describe, it, expect, beforeEach, afterEach, vi } from "vitest";
  2  |  import { fetchUsers, createUser, deleteUser } from "./users";
  3  |  import { ApiError } from "./todos";
     |                            ^
  4  |  import { createMockResponse, restoreFetch, createMockEmptyResponse } from "@/test/helpers/mockApi";
  5  |  describe("API Client - users", () => {
 ❯ TransformPluginContext._formatLog node_modules/.pnpm/vite@7.1.12_@types+node@24.9.2_jiti@2.6.1/node_modules/vite/dist/node/chunks/config.js:31106:43
 ❯ TransformPluginContext.error node_modules/.pnpm/vite@7.1.12_@types+node@24.9.2_jiti@2.6.1/node_modules/vite/dist/node/chunks/config.js:31103:14
 ❯ normalizeUrl node_modules/.pnpm/vite@7.1.12_@types+node@24.9.2_jiti@2.6.1/node_modules/vite/dist/node/chunks/config.js:29590:18
 ❯ node_modules/.pnpm/vite@7.1.12_@types+node@24.9.2_jiti@2.6.1/node_modules/vite/dist/node/chunks/config.js:29648:32
 ❯ TransformPluginContext.transform node_modules/.pnpm/vite@7.1.12_@types+node@24.9.2_jiti@2.6.1/node_modules/vite/dist/node/chunks/config.js:29616:4
 ❯ EnvironmentPluginContainer.transform node_modules/.pnpm/vite@7.1.12_@types+node@24.9.2_jiti@2.6.1/node_modules/vite/dist/node/chunks/config.js:30905:14
 ❯ loadAndTransform node_modules/.pnpm/vite@7.1.12_@types+node@24.9.2_jiti@2.6.1/node_modules/vite/dist/node/chunks/config.js:26043:26

⎯⎯⎯⎯⎯⎯⎯⎯⎯⎯⎯⎯⎯⎯⎯⎯⎯⎯⎯⎯⎯⎯⎯⎯[4/5]⎯

 FAIL  src/components/settings/PasswordChangeForm.test.tsx [ src/components/settings/PasswordChangeForm.test.tsx ]
Error: Failed to resolve import "@/lib/api/todos" from "src/components/settings/PasswordChangeForm.tsx". Does the file exist?
  Plugin: vite:import-analysis
  File: /Users/tomoki_ishimine/Workspace/fullstack-app-with-claude/frontend/src/components/settings/PasswordChangeForm.tsx:5:25
  3  |  import { changePassword } from "@/lib/api/password";
  4  |  import { logger } from "@/lib/logger";
  5  |  import { ApiError } from "@/lib/api/todos";
     |                            ^
  6  |  export function PasswordChangeForm({ onSuccess }) {
  7  |    const [currentPassword, setCurrentPassword] = useState("");
 ❯ TransformPluginContext._formatLog node_modules/.pnpm/vite@7.1.12_@types+node@24.9.2_jiti@2.6.1/node_modules/vite/dist/node/chunks/config.js:31106:43
 ❯ TransformPluginContext.error node_modules/.pnpm/vite@7.1.12_@types+node@24.9.2_jiti@2.6.1/node_modules/vite/dist/node/chunks/config.js:31103:14
 ❯ normalizeUrl node_modules/.pnpm/vite@7.1.12_@types+node@24.9.2_jiti@2.6.1/node_modules/vite/dist/node/chunks/config.js:29590:18
 ❯ node_modules/.pnpm/vite@7.1.12_@types+node@24.9.2_jiti@2.6.1/node_modules/vite/dist/node/chunks/config.js:29648:32
 ❯ TransformPluginContext.transform node_modules/.pnpm/vite@7.1.12_@types+node@24.9.2_jiti@2.6.1/node_modules/vite/dist/node/chunks/config.js:29616:4
 ❯ EnvironmentPluginContainer.transform node_modules/.pnpm/vite@7.1.12_@types+node@24.9.2_jiti@2.6.1/node_modules/vite/dist/node/chunks/config.js:30905:14
 ❯ loadAndTransform node_modules/.pnpm/vite@7.1.12_@types+node@24.9.2_jiti@2.6.1/node_modules/vite/dist/node/chunks/config.js:26043:26

⎯⎯⎯⎯⎯⎯⎯⎯⎯⎯⎯⎯⎯⎯⎯⎯⎯⎯⎯⎯⎯⎯⎯⎯[5/5]⎯


 Test Files  5 failed | 7 passed (12)
      Tests  118 passed (118)
   Start at  12:32:31
   Duration  3.49s (transform 333ms, setup 3.70s, collect 920ms, tests 3.82s, environment 4.22s, prepare 1.54s)

